[ophj023.com/index.html]
[backblue.gif]
[fade.gif]
[index.html]
[ophj023.com/404.html]
[ophj023.com/static/js/library/layer/layer.min.js]
[ophj023.com/static/js/library/common/common.js]
[ophj023.com/static/img/searchimg/search1/soso_default.jpg]
[ophj023.com/static/img/searchimg/search1/soso_gray.jpg]
[ophj023.com/product.html]
[ophj023.com/product_798985.html]
[ophj023.com/product_798984.html]
[ophj023.com/product_783117.html]
[ophj023.com/product_783116.html]
[ophj023.com/product_783115.html]
[ophj023.com/index-2.html]
[ophj023.com/about.html]
[ophj023.com/news.html]
[ophj023.com/contact.html]
[ophj023.com/message.html]
[ophj023.com/static/theme/common/img/focus/focus1/slider-arrow.png]
[ophj023.com/static/js/scrollReveal.js]
[ophj023.com/newsdetail_1910525.html]
[ophj023.com/newsdetail_1910524.html]
[ophj023.com/newsdetail_1910523.html]
[ophj023.com/newsdetail_1910522.html]
[ophj023.com/newsdetail_1910521.html]
[ophj023.com/newsdetail_1910520.html]
[ophj023.com/index.html]
[ophj023.com/static/css/404.css]
[ophj023.com/404.html]
[ophj023.com/static/css/nav/common.css]
[ophj023.com/teamview_4953112.html]
[ophj023.com/teamview_4953111.html]
[ophj023.com/teamview_4953110.html]
[ophj023.com/teamview_4953109.html]
[ophj023.com/teamview_4953108.html]
[ophj023.com/product2679.html]
[ophj023.com/product.html]
[ophj023.com/product_7989852679.html]
[ophj023.com/product_798985.html]
[ophj023.com/product_7989842679.html]
[ophj023.com/product_798984.html]
[ophj023.com/product_7831172679.html]
[ophj023.com/product_783117.html]
[ophj023.com/product_7831162679.html]
[ophj023.com/product_783116.html]
[ophj023.com/product_7831152679.html]
[ophj023.com/product_783115.html]
[ophj023.com/index-2.html]
[ophj023.com/about.html]
[ophj023.com/newsdetail_1910508.html]
[ophj023.com/newsdetail_1910509.html]
[ophj023.com/newsdetail_1910510.html]
[ophj023.com/newsdetail_1910511.html]
[ophj023.com/news4658.html]
[ophj023.com/news2679.html]
[ophj023.com/news.html]
[ophj023.com/contact.html]
[ophj023.com/static/js/library/msgform/jquery.form.js]
[ophj023.com/message.html]
[ophj023.com/static/css/ocomment.css]
[ophj023.com/static/api/js/share6e53.js]
[ophj023.com/static/js/commentcate.js]
[ophj023.com/newsdetail_1910525.html]
[ophj023.com/newsdetail_1910524.html]
[ophj023.com/newsdetail_1910523.html]
[ophj023.com/newsdetail_1910522.html]
[ophj023.com/newsdetail_1910521.html]
[ophj023.com/newsdetail_1910519.html]
[ophj023.com/newsdetail_1910520.html]
[ophj023.com/static/css/i/error.png]
[ophj023.com/static/css/404.css]
[ophj023.com/m-view-detial]
[ophj023.com/m-view-comment]
[ophj023.com/static/js/library/CloudZoom/cloudzoom.js]
[ophj023.com/static/js/library/CloudZoom/cloudzoom.css]
[ophj023.com/static/js/comment.js]
[ophj023.com/static/js/team/product/theme0/com_zero.js]
[ophj023.com/teamview_4953112.html]
[ophj023.com/teamview_4953111.html]
[ophj023.com/teamview_4953110.html]
[ophj023.com/teamview_4953109.html]
[ophj023.com/teamview_4953108.html]
[ophj023.com/product2679.html]
[ophj023.com/product_7989852679.html]
[ophj023.com/product_7989842679.html]
[ophj023.com/product_7831172679.html]
[ophj023.com/product_7831162679.html]
[ophj023.com/product_7831152679.html]
[ophj023.com/news_2381082.html]
[ophj023.com/newsdetail_1910508.html]
[ophj023.com/newsdetail_1910509.html]
[ophj023.com/newsdetail_1910510.html]
[ophj023.com/newsdetail_1910512.html]
[ophj023.com/newsdetail_1910511.html]
[ophj023.com/newsdetail_1910513.html]
[ophj023.com/newsdetail_1910514.html]
[ophj023.com/newsdetail_1910515.html]
[ophj023.com/newsdetail_1910516.html]
[ophj023.com/newsdetail_1910517.html]
[ophj023.com/newsdetail_1910518.html]
[ophj023.com/news4658.html]
[ophj023.com/news2679.html]
[ophj023.com/static/css/ocomment.css]
[ophj023.com/static/newtheme/common/css/common.css]
[ophj023.com/news_2381084.html]
[ophj023.com/newsdetail_1910519.html]
[ophj023.com/m-view-detial.html]
[ophj023.com/m-view-comment.html]
[ophj023.com/static/js/library/CloudZoom/blank.png]
[ophj023.com/static/js/library/CloudZoom/ajax-loader.gif]
[ophj023.com/static/js/library/CloudZoom/cloudzoom.css]
[ophj023.com/news_23810822679.html]
[ophj023.com/news_2381082.html]
[ophj023.com/news_2381083.html]
[ophj023.com/newsdetail_1910512.html]
[ophj023.com/newsdetail_1910513.html]
[ophj023.com/newsdetail_1910514.html]
[ophj023.com/newsdetail_1910515.html]
[ophj023.com/newsdetail_1910516.html]
[ophj023.com/newsdetail_1910517.html]
[ophj023.com/newsdetail_1910518.html]
[ophj023.com/news_23810842679.html]
[ophj023.com/news_2381084.html]
[ophj023.com/news_23810822679.html]
[ophj023.com/news_23810832679.html]
[ophj023.com/news_2381083.html]
[ophj023.com/news_23810842679.html]
[ophj023.com/news_23810832679.html]
